 solve
     1      0.232E+04      0.128E-02      0.000E+00
     2      0.622E-04      0.131E-02      0.000E+00
     3      0.244E-05      0.131E-02      0.000E+00
     4      0.667E-07      0.130E-02      0.000E+00
     5      0.211E-08      0.132E-02      0.000E+00
     6      0.671E-10      0.128E-02      0.000E+00
     7      0.213E-11      0.131E-02      0.000E+00
     8      0.678E-13      0.129E-02      0.000E+00
     9      0.216E-14      0.128E-02      0.000E+00
    10      0.869E-16      0.130E-02      0.000E+00
 done
 finished
