           1 done
----DONE------------------------------------------                                                                                                                                                                                                              
Split has completed the execution with the                                                                                                                                                                                                                      
error code   1                                                                                                                                                                                                                                                  
--------------------------------------------------                                                                                                                                                                                                              
