        1 file(s) copied.
        1 file(s) copied.
--------------------------------------------------------------------------
 OSTRICH version 17.11.03 (Built Nov  3 2017 @ 09:02:31)

 A computer program for model-independent calibration and optimization.

 Author             L. Shawn Matott
 Copyright (C) 2007 L. Shawn Matott

 This program is free software; you can redistribute 
 it and/or modify it under the terms of the GNU  
 General Public License as published by the Free 
 Software Foundation; either version 2 of the 
 License, or(at your option) any later version. 

 This program is distributed in the hope that it will 
 be useful, but WITHOUT ANY WARRANTY; without even 
 the implied warranty of MERCHANTABILITY or FITNESS 
 FOR A PARTICULAR PURPOSE. See the GNU General Public 
 License for more details. 

 You should have received a copy of the GNU General 
 Public License along with this program; if not, 
 write to the Free Software Foundation, Inc., 59 
 Temple Place, Suite 330, Boston, MA 02111-1307 USA 
--------------------------------------------------------------------------

Ostrich Setup
Model                  : Split.exe > OstExeOut.txt
Algorithm              : Parallel Dynamically Dimensioned Search Algorithm (PDDS)
Objective Function     : WSSE
Number of Parameters   : 3
Number of Tied Params  : 0
Number of Observations : 25
Seed for Random Nums.  : 1509727908

Ostrich Run Record
trial    best fitness   K1            K2            Kback          trials remaining
termination signal received by process 1
slave 1 handled 23 tasks
--------------------------------------------------------------------------
 OSTRICH version 17.11.03 (Built Nov  3 2017 @ 09:02:31)

 A computer program for model-independent calibration and optimization.

 Author             L. Shawn Matott
 Copyright (C) 2007 L. Shawn Matott

 This program is free software; you can redistribute 
 it and/or modify it under the terms of the GNU  
 General Public License as published by the Free 
 Software Foundation; either version 2 of the 
 License, or(at your option) any later version. 

 This program is distributed in the hope that it will 
 be useful, but WITHOUT ANY WARRANTY; without even 
 the implied warranty of MERCHANTABILITY or FITNESS 
 FOR A PARTICULAR PURPOSE. See the GNU General Public 
 License for more details. 

 You should have received a copy of the GNU General 
 Public License along with this program; if not, 
 write to the Free Software Foundation, Inc., 59 
 Temple Place, Suite 330, Boston, MA 02111-1307 USA 
--------------------------------------------------------------------------

Ostrich Setup
Model                  : Split.exe > OstExeOut.txt
Algorithm              : Parallel Dynamically Dimensioned Search Algorithm (PDDS)
Objective Function     : WSSE
Number of Parameters   : 3
Number of Tied Params  : 0
Number of Observations : 25
Seed for Random Nums.  : 1509727913

Ostrich Run Record
trial    best fitness   K1            K2            Kback          trials remaining
termination signal received by process 1
slave 1 handled 24 tasks
--------------------------------------------------------------------------
 OSTRICH version 17.11.03 (Built Nov  3 2017 @ 09:02:31)

 A computer program for model-independent calibration and optimization.

 Author             L. Shawn Matott
 Copyright (C) 2007 L. Shawn Matott

 This program is free software; you can redistribute 
 it and/or modify it under the terms of the GNU  
 General Public License as published by the Free 
 Software Foundation; either version 2 of the 
 License, or(at your option) any later version. 

 This program is distributed in the hope that it will 
 be useful, but WITHOUT ANY WARRANTY; without even 
 the implied warranty of MERCHANTABILITY or FITNESS 
 FOR A PARTICULAR PURPOSE. See the GNU General Public 
 License for more details. 

 You should have received a copy of the GNU General 
 Public License along with this program; if not, 
 write to the Free Software Foundation, Inc., 59 
 Temple Place, Suite 330, Boston, MA 02111-1307 USA 
--------------------------------------------------------------------------

Ostrich Setup
Model                  : Split.exe > OstExeOut.txt
Algorithm              : Parallel Dynamically Dimensioned Search Algorithm (PDDS)
Objective Function     : WSSE
Number of Parameters   : 3
Number of Tied Params  : 0
Number of Observations : 25
Seed for Random Nums.  : 1509727918

Ostrich Run Record
trial    best fitness   K1            K2            Kback          trials remaining
termination signal received by process 1
slave 1 handled 24 tasks
--------------------------------------------------------------------------
 OSTRICH version 17.11.03 (Built Nov  3 2017 @ 09:02:31)

 A computer program for model-independent calibration and optimization.

 Author             L. Shawn Matott
 Copyright (C) 2007 L. Shawn Matott

 This program is free software; you can redistribute 
 it and/or modify it under the terms of the GNU  
 General Public License as published by the Free 
 Software Foundation; either version 2 of the 
 License, or(at your option) any later version. 

 This program is distributed in the hope that it will 
 be useful, but WITHOUT ANY WARRANTY; without even 
 the implied warranty of MERCHANTABILITY or FITNESS 
 FOR A PARTICULAR PURPOSE. See the GNU General Public 
 License for more details. 

 You should have received a copy of the GNU General 
 Public License along with this program; if not, 
 write to the Free Software Foundation, Inc., 59 
 Temple Place, Suite 330, Boston, MA 02111-1307 USA 
--------------------------------------------------------------------------

Ostrich Setup
Model                  : Split.exe > OstExeOut.txt
Algorithm              : Parallel Dynamically Dimensioned Search Algorithm (PDDS)
Objective Function     : WSSE
Number of Parameters   : 3
Number of Tied Params  : 0
Number of Observations : 25
Seed for Random Nums.  : 1509727923

Ostrich Run Record
trial    best fitness   K1            K2            Kback          trials remaining
termination signal received by process 1
slave 1 handled 20 tasks
--------------------------------------------------------------------------
 OSTRICH version 17.11.03 (Built Nov  3 2017 @ 09:02:31)

 A computer program for model-independent calibration and optimization.

 Author             L. Shawn Matott
 Copyright (C) 2007 L. Shawn Matott

 This program is free software; you can redistribute 
 it and/or modify it under the terms of the GNU  
 General Public License as published by the Free 
 Software Foundation; either version 2 of the 
 License, or(at your option) any later version. 

 This program is distributed in the hope that it will 
 be useful, but WITHOUT ANY WARRANTY; without even 
 the implied warranty of MERCHANTABILITY or FITNESS 
 FOR A PARTICULAR PURPOSE. See the GNU General Public 
 License for more details. 

 You should have received a copy of the GNU General 
 Public License along with this program; if not, 
 write to the Free Software Foundation, Inc., 59 
 Temple Place, Suite 330, Boston, MA 02111-1307 USA 
--------------------------------------------------------------------------

Ostrich Setup
Model                  : Split.exe > OstExeOut.txt
Algorithm              : Parallel Dynamically Dimensioned Search Algorithm (PDDS)
Objective Function     : WSSE
Number of Parameters   : 3
Number of Tied Params  : 0
Number of Observations : 25
Seed for Random Nums.  : 1509727928

Ostrich Run Record
trial    best fitness   K1            K2            Kback          trials remaining
termination signal received by process 1
slave 1 handled 16 tasks
--------------------------------------------------------------------------
 OSTRICH version 17.11.03 (Built Nov  3 2017 @ 09:02:31)

 A computer program for model-independent calibration and optimization.

 Author             L. Shawn Matott
 Copyright (C) 2007 L. Shawn Matott

 This program is free software; you can redistribute 
 it and/or modify it under the terms of the GNU  
 General Public License as published by the Free 
 Software Foundation; either version 2 of the 
 License, or(at your option) any later version. 

 This program is distributed in the hope that it will 
 be useful, but WITHOUT ANY WARRANTY; without even 
 the implied warranty of MERCHANTABILITY or FITNESS 
 FOR A PARTICULAR PURPOSE. See the GNU General Public 
 License for more details. 

 You should have received a copy of the GNU General 
 Public License along with this program; if not, 
 write to the Free Software Foundation, Inc., 59 
 Temple Place, Suite 330, Boston, MA 02111-1307 USA 
--------------------------------------------------------------------------

Ostrich Setup
Model                  : Split.exe > OstExeOut.txt
Algorithm              : Parallel Dynamically Dimensioned Search Algorithm (PDDS)
Objective Function     : WSSE
Number of Parameters   : 3
Number of Tied Params  : 0
Number of Observations : 25
Seed for Random Nums.  : 1509727933

Ostrich Run Record
trial    best fitness   K1            K2            Kback          trials remaining
termination signal received by process 1
slave 1 handled 16 tasks
--------------------------------------------------------------------------
 OSTRICH version 17.11.03 (Built Nov  3 2017 @ 09:02:31)

 A computer program for model-independent calibration and optimization.

 Author             L. Shawn Matott
 Copyright (C) 2007 L. Shawn Matott

 This program is free software; you can redistribute 
 it and/or modify it under the terms of the GNU  
 General Public License as published by the Free 
 Software Foundation; either version 2 of the 
 License, or(at your option) any later version. 

 This program is distributed in the hope that it will 
 be useful, but WITHOUT ANY WARRANTY; without even 
 the implied warranty of MERCHANTABILITY or FITNESS 
 FOR A PARTICULAR PURPOSE. See the GNU General Public 
 License for more details. 

 You should have received a copy of the GNU General 
 Public License along with this program; if not, 
 write to the Free Software Foundation, Inc., 59 
 Temple Place, Suite 330, Boston, MA 02111-1307 USA 
--------------------------------------------------------------------------

Ostrich Setup
Model                  : Split.exe > OstExeOut.txt
Algorithm              : Parallel Dynamically Dimensioned Search Algorithm (PDDS)
Objective Function     : WSSE
Number of Parameters   : 3
Number of Tied Params  : 0
Number of Observations : 25
Seed for Random Nums.  : 1509727938

Ostrich Run Record
trial    best fitness   K1            K2            Kback          trials remaining
termination signal received by process 1
slave 1 handled 14 tasks
--------------------------------------------------------------------------
 OSTRICH version 17.11.03 (Built Nov  3 2017 @ 09:02:31)

 A computer program for model-independent calibration and optimization.

 Author             L. Shawn Matott
 Copyright (C) 2007 L. Shawn Matott

 This program is free software; you can redistribute 
 it and/or modify it under the terms of the GNU  
 General Public License as published by the Free 
 Software Foundation; either version 2 of the 
 License, or(at your option) any later version. 

 This program is distributed in the hope that it will 
 be useful, but WITHOUT ANY WARRANTY; without even 
 the implied warranty of MERCHANTABILITY or FITNESS 
 FOR A PARTICULAR PURPOSE. See the GNU General Public 
 License for more details. 

 You should have received a copy of the GNU General 
 Public License along with this program; if not, 
 write to the Free Software Foundation, Inc., 59 
 Temple Place, Suite 330, Boston, MA 02111-1307 USA 
--------------------------------------------------------------------------

Ostrich Setup
Model                  : Split.exe > OstExeOut.txt
Algorithm              : Parallel Dynamically Dimensioned Search Algorithm (PDDS)
Objective Function     : WSSE
Number of Parameters   : 3
Number of Tied Params  : 0
Number of Observations : 25
Seed for Random Nums.  : 1509727943

Ostrich Run Record
trial    best fitness   K1            K2            Kback          trials remaining
termination signal received by process 1
slave 1 handled 22 tasks
--------------------------------------------------------------------------
 OSTRICH version 17.11.03 (Built Nov  3 2017 @ 09:02:31)

 A computer program for model-independent calibration and optimization.

 Author             L. Shawn Matott
 Copyright (C) 2007 L. Shawn Matott

 This program is free software; you can redistribute 
 it and/or modify it under the terms of the GNU  
 General Public License as published by the Free 
 Software Foundation; either version 2 of the 
 License, or(at your option) any later version. 

 This program is distributed in the hope that it will 
 be useful, but WITHOUT ANY WARRANTY; without even 
 the implied warranty of MERCHANTABILITY or FITNESS 
 FOR A PARTICULAR PURPOSE. See the GNU General Public 
 License for more details. 

 You should have received a copy of the GNU General 
 Public License along with this program; if not, 
 write to the Free Software Foundation, Inc., 59 
 Temple Place, Suite 330, Boston, MA 02111-1307 USA 
--------------------------------------------------------------------------

Ostrich Setup
Model                  : Split.exe > OstExeOut.txt
Algorithm              : Parallel Dynamically Dimensioned Search Algorithm (PDDS)
Objective Function     : WSSE
Number of Parameters   : 3
Number of Tied Params  : 0
Number of Observations : 25
Seed for Random Nums.  : 1509727948

Ostrich Run Record
trial    best fitness   K1            K2            Kback          trials remaining
termination signal received by process 1
slave 1 handled 23 tasks
--------------------------------------------------------------------------
 OSTRICH version 17.11.03 (Built Nov  3 2017 @ 09:02:31)

 A computer program for model-independent calibration and optimization.

 Author             L. Shawn Matott
 Copyright (C) 2007 L. Shawn Matott

 This program is free software; you can redistribute 
 it and/or modify it under the terms of the GNU  
 General Public License as published by the Free 
 Software Foundation; either version 2 of the 
 License, or(at your option) any later version. 

 This program is distributed in the hope that it will 
 be useful, but WITHOUT ANY WARRANTY; without even 
 the implied warranty of MERCHANTABILITY or FITNESS 
 FOR A PARTICULAR PURPOSE. See the GNU General Public 
 License for more details. 

 You should have received a copy of the GNU General 
 Public License along with this program; if not, 
 write to the Free Software Foundation, Inc., 59 
 Temple Place, Suite 330, Boston, MA 02111-1307 USA 
--------------------------------------------------------------------------

Ostrich Setup
Model                  : Split.exe > OstExeOut.txt
Algorithm              : Parallel Dynamically Dimensioned Search Algorithm (PDDS)
Objective Function     : WSSE
Number of Parameters   : 3
Number of Tied Params  : 0
Number of Observations : 25
Seed for Random Nums.  : 1509727953

Ostrich Run Record
trial    best fitness   K1            K2            Kback          trials remaining
termination signal received by process 1
slave 1 handled 19 tasks
--------------------------------------------------------------------------
 OSTRICH version 17.11.03 (Built Nov  3 2017 @ 09:02:31)

 A computer program for model-independent calibration and optimization.

 Author             L. Shawn Matott
 Copyright (C) 2007 L. Shawn Matott

 This program is free software; you can redistribute 
 it and/or modify it under the terms of the GNU  
 General Public License as published by the Free 
 Software Foundation; either version 2 of the 
 License, or(at your option) any later version. 

 This program is distributed in the hope that it will 
 be useful, but WITHOUT ANY WARRANTY; without even 
 the implied warranty of MERCHANTABILITY or FITNESS 
 FOR A PARTICULAR PURPOSE. See the GNU General Public 
 License for more details. 

 You should have received a copy of the GNU General 
 Public License along with this program; if not, 
 write to the Free Software Foundation, Inc., 59 
 Temple Place, Suite 330, Boston, MA 02111-1307 USA 
--------------------------------------------------------------------------

Ostrich Setup
Model                  : Split.exe > OstExeOut.txt
Algorithm              : Parallel Dynamically Dimensioned Search Algorithm (PDDS)
Objective Function     : WSSE
Number of Parameters   : 3
Number of Tied Params  : 0
Number of Observations : 25
Seed for Random Nums.  : 1509727958

Ostrich Run Record
trial    best fitness   K1            K2            Kback          trials remaining
termination signal received by process 1
slave 1 handled 14 tasks
--------------------------------------------------------------------------
 OSTRICH version 17.11.03 (Built Nov  3 2017 @ 09:02:31)

 A computer program for model-independent calibration and optimization.

 Author             L. Shawn Matott
 Copyright (C) 2007 L. Shawn Matott

 This program is free software; you can redistribute 
 it and/or modify it under the terms of the GNU  
 General Public License as published by the Free 
 Software Foundation; either version 2 of the 
 License, or(at your option) any later version. 

 This program is distributed in the hope that it will 
 be useful, but WITHOUT ANY WARRANTY; without even 
 the implied warranty of MERCHANTABILITY or FITNESS 
 FOR A PARTICULAR PURPOSE. See the GNU General Public 
 License for more details. 

 You should have received a copy of the GNU General 
 Public License along with this program; if not, 
 write to the Free Software Foundation, Inc., 59 
 Temple Place, Suite 330, Boston, MA 02111-1307 USA 
--------------------------------------------------------------------------

Ostrich Setup
Model                  : Split.exe > OstExeOut.txt
Algorithm              : Parallel Dynamically Dimensioned Search Algorithm (PDDS)
Objective Function     : WSSE
Number of Parameters   : 3
Number of Tied Params  : 0
Number of Observations : 25
Seed for Random Nums.  : 1509727963

Ostrich Run Record
trial    best fitness   K1            K2            Kback          trials remaining
termination signal received by process 1
slave 1 handled 13 tasks
--------------------------------------------------------------------------
 OSTRICH version 17.11.03 (Built Nov  3 2017 @ 09:02:31)

 A computer program for model-independent calibration and optimization.

 Author             L. Shawn Matott
 Copyright (C) 2007 L. Shawn Matott

 This program is free software; you can redistribute 
 it and/or modify it under the terms of the GNU  
 General Public License as published by the Free 
 Software Foundation; either version 2 of the 
 License, or(at your option) any later version. 

 This program is distributed in the hope that it will 
 be useful, but WITHOUT ANY WARRANTY; without even 
 the implied warranty of MERCHANTABILITY or FITNESS 
 FOR A PARTICULAR PURPOSE. See the GNU General Public 
 License for more details. 

 You should have received a copy of the GNU General 
 Public License along with this program; if not, 
 write to the Free Software Foundation, Inc., 59 
 Temple Place, Suite 330, Boston, MA 02111-1307 USA 
--------------------------------------------------------------------------

Ostrich Setup
Model                  : Split.exe > OstExeOut.txt
Algorithm              : Parallel Dynamically Dimensioned Search Algorithm (PDDS)
Objective Function     : WSSE
Number of Parameters   : 3
Number of Tied Params  : 0
Number of Observations : 25
Seed for Random Nums.  : 1509727968

Ostrich Run Record
trial    best fitness   K1            K2            Kback          trials remaining
termination signal received by process 1
slave 1 handled 14 tasks
--------------------------------------------------------------------------
 OSTRICH version 17.11.03 (Built Nov  3 2017 @ 09:02:31)

 A computer program for model-independent calibration and optimization.

 Author             L. Shawn Matott
 Copyright (C) 2007 L. Shawn Matott

 This program is free software; you can redistribute 
 it and/or modify it under the terms of the GNU  
 General Public License as published by the Free 
 Software Foundation; either version 2 of the 
 License, or(at your option) any later version. 

 This program is distributed in the hope that it will 
 be useful, but WITHOUT ANY WARRANTY; without even 
 the implied warranty of MERCHANTABILITY or FITNESS 
 FOR A PARTICULAR PURPOSE. See the GNU General Public 
 License for more details. 

 You should have received a copy of the GNU General 
 Public License along with this program; if not, 
 write to the Free Software Foundation, Inc., 59 
 Temple Place, Suite 330, Boston, MA 02111-1307 USA 
--------------------------------------------------------------------------

Ostrich Setup
Model                  : Split.exe > OstExeOut.txt
Algorithm              : Parallel Dynamically Dimensioned Search Algorithm (PDDS)
Objective Function     : WSSE
Number of Parameters   : 3
Number of Tied Params  : 0
Number of Observations : 25
Seed for Random Nums.  : 1509727973

Ostrich Run Record
trial    best fitness   K1            K2            Kback          trials remaining
termination signal received by process 1
slave 1 handled 20 tasks
--------------------------------------------------------------------------
 OSTRICH version 17.11.03 (Built Nov  3 2017 @ 09:02:31)

 A computer program for model-independent calibration and optimization.

 Author             L. Shawn Matott
 Copyright (C) 2007 L. Shawn Matott

 This program is free software; you can redistribute 
 it and/or modify it under the terms of the GNU  
 General Public License as published by the Free 
 Software Foundation; either version 2 of the 
 License, or(at your option) any later version. 

 This program is distributed in the hope that it will 
 be useful, but WITHOUT ANY WARRANTY; without even 
 the implied warranty of MERCHANTABILITY or FITNESS 
 FOR A PARTICULAR PURPOSE. See the GNU General Public 
 License for more details. 

 You should have received a copy of the GNU General 
 Public License along with this program; if not, 
 write to the Free Software Foundation, Inc., 59 
 Temple Place, Suite 330, Boston, MA 02111-1307 USA 
--------------------------------------------------------------------------

Ostrich Setup
Model                  : Split.exe > OstExeOut.txt
Algorithm              : Parallel Dynamically Dimensioned Search Algorithm (PDDS)
Objective Function     : WSSE
Number of Parameters   : 3
Number of Tied Params  : 0
Number of Observations : 25
Seed for Random Nums.  : 1509727978

Ostrich Run Record
trial    best fitness   K1            K2            Kback          trials remaining
termination signal received by process 1
slave 1 handled 18 tasks
--------------------------------------------------------------------------
 OSTRICH version 17.11.03 (Built Nov  3 2017 @ 09:02:31)

 A computer program for model-independent calibration and optimization.

 Author             L. Shawn Matott
 Copyright (C) 2007 L. Shawn Matott

 This program is free software; you can redistribute 
 it and/or modify it under the terms of the GNU  
 General Public License as published by the Free 
 Software Foundation; either version 2 of the 
 License, or(at your option) any later version. 

 This program is distributed in the hope that it will 
 be useful, but WITHOUT ANY WARRANTY; without even 
 the implied warranty of MERCHANTABILITY or FITNESS 
 FOR A PARTICULAR PURPOSE. See the GNU General Public 
 License for more details. 

 You should have received a copy of the GNU General 
 Public License along with this program; if not, 
 write to the Free Software Foundation, Inc., 59 
 Temple Place, Suite 330, Boston, MA 02111-1307 USA 
--------------------------------------------------------------------------

Ostrich Setup
Model                  : Split.exe > OstExeOut.txt
Algorithm              : Parallel Dynamically Dimensioned Search Algorithm (PDDS)
Objective Function     : WSSE
Number of Parameters   : 3
Number of Tied Params  : 0
Number of Observations : 25
Seed for Random Nums.  : 1509727983

Ostrich Run Record
trial    best fitness   K1            K2            Kback          trials remaining
termination signal received by process 1
slave 1 handled 15 tasks
--------------------------------------------------------------------------
 OSTRICH version 17.11.03 (Built Nov  3 2017 @ 09:02:31)

 A computer program for model-independent calibration and optimization.

 Author             L. Shawn Matott
 Copyright (C) 2007 L. Shawn Matott

 This program is free software; you can redistribute 
 it and/or modify it under the terms of the GNU  
 General Public License as published by the Free 
 Software Foundation; either version 2 of the 
 License, or(at your option) any later version. 

 This program is distributed in the hope that it will 
 be useful, but WITHOUT ANY WARRANTY; without even 
 the implied warranty of MERCHANTABILITY or FITNESS 
 FOR A PARTICULAR PURPOSE. See the GNU General Public 
 License for more details. 

 You should have received a copy of the GNU General 
 Public License along with this program; if not, 
 write to the Free Software Foundation, Inc., 59 
 Temple Place, Suite 330, Boston, MA 02111-1307 USA 
--------------------------------------------------------------------------

Ostrich Setup
Model                  : Split.exe > OstExeOut.txt
Algorithm              : Parallel Dynamically Dimensioned Search Algorithm (PDDS)
Objective Function     : WSSE
Number of Parameters   : 3
Number of Tied Params  : 0
Number of Observations : 25
Seed for Random Nums.  : 1509727988

Ostrich Run Record
trial    best fitness   K1            K2            Kback          trials remaining
termination signal received by process 1
slave 1 handled 24 tasks
--------------------------------------------------------------------------
 OSTRICH version 17.11.03 (Built Nov  3 2017 @ 09:02:31)

 A computer program for model-independent calibration and optimization.

 Author             L. Shawn Matott
 Copyright (C) 2007 L. Shawn Matott

 This program is free software; you can redistribute 
 it and/or modify it under the terms of the GNU  
 General Public License as published by the Free 
 Software Foundation; either version 2 of the 
 License, or(at your option) any later version. 

 This program is distributed in the hope that it will 
 be useful, but WITHOUT ANY WARRANTY; without even 
 the implied warranty of MERCHANTABILITY or FITNESS 
 FOR A PARTICULAR PURPOSE. See the GNU General Public 
 License for more details. 

 You should have received a copy of the GNU General 
 Public License along with this program; if not, 
 write to the Free Software Foundation, Inc., 59 
 Temple Place, Suite 330, Boston, MA 02111-1307 USA 
--------------------------------------------------------------------------

Ostrich Setup
Model                  : Split.exe > OstExeOut.txt
Algorithm              : Parallel Dynamically Dimensioned Search Algorithm (PDDS)
Objective Function     : WSSE
Number of Parameters   : 3
Number of Tied Params  : 0
Number of Observations : 25
Seed for Random Nums.  : 1509727993

Ostrich Run Record
trial    best fitness   K1            K2            Kback          trials remaining
termination signal received by process 1
slave 1 handled 13 tasks
--------------------------------------------------------------------------
 OSTRICH version 17.11.03 (Built Nov  3 2017 @ 09:02:31)

 A computer program for model-independent calibration and optimization.

 Author             L. Shawn Matott
 Copyright (C) 2007 L. Shawn Matott

 This program is free software; you can redistribute 
 it and/or modify it under the terms of the GNU  
 General Public License as published by the Free 
 Software Foundation; either version 2 of the 
 License, or(at your option) any later version. 

 This program is distributed in the hope that it will 
 be useful, but WITHOUT ANY WARRANTY; without even 
 the implied warranty of MERCHANTABILITY or FITNESS 
 FOR A PARTICULAR PURPOSE. See the GNU General Public 
 License for more details. 

 You should have received a copy of the GNU General 
 Public License along with this program; if not, 
 write to the Free Software Foundation, Inc., 59 
 Temple Place, Suite 330, Boston, MA 02111-1307 USA 
--------------------------------------------------------------------------

Ostrich Setup
Model                  : Split.exe > OstExeOut.txt
Algorithm              : Parallel Dynamically Dimensioned Search Algorithm (PDDS)
Objective Function     : WSSE
Number of Parameters   : 3
Number of Tied Params  : 0
Number of Observations : 25
Seed for Random Nums.  : 1509727998

Ostrich Run Record
trial    best fitness   K1            K2            Kback          trials remaining
termination signal received by process 1
slave 1 handled 13 tasks
--------------------------------------------------------------------------
 OSTRICH version 17.11.03 (Built Nov  3 2017 @ 09:02:31)

 A computer program for model-independent calibration and optimization.

 Author             L. Shawn Matott
 Copyright (C) 2007 L. Shawn Matott

 This program is free software; you can redistribute 
 it and/or modify it under the terms of the GNU  
 General Public License as published by the Free 
 Software Foundation; either version 2 of the 
 License, or(at your option) any later version. 

 This program is distributed in the hope that it will 
 be useful, but WITHOUT ANY WARRANTY; without even 
 the implied warranty of MERCHANTABILITY or FITNESS 
 FOR A PARTICULAR PURPOSE. See the GNU General Public 
 License for more details. 

 You should have received a copy of the GNU General 
 Public License along with this program; if not, 
 write to the Free Software Foundation, Inc., 59 
 Temple Place, Suite 330, Boston, MA 02111-1307 USA 
--------------------------------------------------------------------------

Ostrich Setup
Model                  : Split.exe > OstExeOut.txt
Algorithm              : Parallel Dynamically Dimensioned Search Algorithm (PDDS)
Objective Function     : WSSE
Number of Parameters   : 3
Number of Tied Params  : 0
Number of Observations : 25
Seed for Random Nums.  : 1509728003

Ostrich Run Record
trial    best fitness   K1            K2            Kback          trials remaining
termination signal received by process 1
slave 1 handled 20 tasks
--------------------------------------------------------------------------
 OSTRICH version 17.11.03 (Built Nov  3 2017 @ 09:02:31)

 A computer program for model-independent calibration and optimization.

 Author             L. Shawn Matott
 Copyright (C) 2007 L. Shawn Matott

 This program is free software; you can redistribute 
 it and/or modify it under the terms of the GNU  
 General Public License as published by the Free 
 Software Foundation; either version 2 of the 
 License, or(at your option) any later version. 

 This program is distributed in the hope that it will 
 be useful, but WITHOUT ANY WARRANTY; without even 
 the implied warranty of MERCHANTABILITY or FITNESS 
 FOR A PARTICULAR PURPOSE. See the GNU General Public 
 License for more details. 

 You should have received a copy of the GNU General 
 Public License along with this program; if not, 
 write to the Free Software Foundation, Inc., 59 
 Temple Place, Suite 330, Boston, MA 02111-1307 USA 
--------------------------------------------------------------------------

Ostrich Setup
Model                  : Split.exe > OstExeOut.txt
Algorithm              : Parallel Dynamically Dimensioned Search Algorithm (PDDS)
Objective Function     : WSSE
Number of Parameters   : 3
Number of Tied Params  : 0
Number of Observations : 25
Seed for Random Nums.  : 1509728008

Ostrich Run Record
trial    best fitness   K1            K2            Kback          trials remaining
termination signal received by process 1
slave 1 handled 14 tasks
--------------------------------------------------------------------------
 OSTRICH version 17.11.03 (Built Nov  3 2017 @ 09:02:31)

 A computer program for model-independent calibration and optimization.

 Author             L. Shawn Matott
 Copyright (C) 2007 L. Shawn Matott

 This program is free software; you can redistribute 
 it and/or modify it under the terms of the GNU  
 General Public License as published by the Free 
 Software Foundation; either version 2 of the 
 License, or(at your option) any later version. 

 This program is distributed in the hope that it will 
 be useful, but WITHOUT ANY WARRANTY; without even 
 the implied warranty of MERCHANTABILITY or FITNESS 
 FOR A PARTICULAR PURPOSE. See the GNU General Public 
 License for more details. 

 You should have received a copy of the GNU General 
 Public License along with this program; if not, 
 write to the Free Software Foundation, Inc., 59 
 Temple Place, Suite 330, Boston, MA 02111-1307 USA 
--------------------------------------------------------------------------

Ostrich Setup
Model                  : Split.exe > OstExeOut.txt
Algorithm              : Parallel Dynamically Dimensioned Search Algorithm (PDDS)
Objective Function     : WSSE
Number of Parameters   : 3
Number of Tied Params  : 0
Number of Observations : 25
Seed for Random Nums.  : 1509728013

Ostrich Run Record
trial    best fitness   K1            K2            Kback          trials remaining
termination signal received by process 1
slave 1 handled 17 tasks
--------------------------------------------------------------------------
 OSTRICH version 17.11.03 (Built Nov  3 2017 @ 09:02:31)

 A computer program for model-independent calibration and optimization.

 Author             L. Shawn Matott
 Copyright (C) 2007 L. Shawn Matott

 This program is free software; you can redistribute 
 it and/or modify it under the terms of the GNU  
 General Public License as published by the Free 
 Software Foundation; either version 2 of the 
 License, or(at your option) any later version. 

 This program is distributed in the hope that it will 
 be useful, but WITHOUT ANY WARRANTY; without even 
 the implied warranty of MERCHANTABILITY or FITNESS 
 FOR A PARTICULAR PURPOSE. See the GNU General Public 
 License for more details. 

 You should have received a copy of the GNU General 
 Public License along with this program; if not, 
 write to the Free Software Foundation, Inc., 59 
 Temple Place, Suite 330, Boston, MA 02111-1307 USA 
--------------------------------------------------------------------------

Ostrich Setup
Model                  : Split.exe > OstExeOut.txt
Algorithm              : Parallel Dynamically Dimensioned Search Algorithm (PDDS)
Objective Function     : WSSE
Number of Parameters   : 3
Number of Tied Params  : 0
Number of Observations : 25
Seed for Random Nums.  : 1509728018

Ostrich Run Record
trial    best fitness   K1            K2            Kback          trials remaining
termination signal received by process 1
slave 1 handled 14 tasks
--------------------------------------------------------------------------
 OSTRICH version 17.11.03 (Built Nov  3 2017 @ 09:02:31)

 A computer program for model-independent calibration and optimization.

 Author             L. Shawn Matott
 Copyright (C) 2007 L. Shawn Matott

 This program is free software; you can redistribute 
 it and/or modify it under the terms of the GNU  
 General Public License as published by the Free 
 Software Foundation; either version 2 of the 
 License, or(at your option) any later version. 

 This program is distributed in the hope that it will 
 be useful, but WITHOUT ANY WARRANTY; without even 
 the implied warranty of MERCHANTABILITY or FITNESS 
 FOR A PARTICULAR PURPOSE. See the GNU General Public 
 License for more details. 

 You should have received a copy of the GNU General 
 Public License along with this program; if not, 
 write to the Free Software Foundation, Inc., 59 
 Temple Place, Suite 330, Boston, MA 02111-1307 USA 
--------------------------------------------------------------------------

Ostrich Setup
Model                  : Split.exe > OstExeOut.txt
Algorithm              : Parallel Dynamically Dimensioned Search Algorithm (PDDS)
Objective Function     : WSSE
Number of Parameters   : 3
Number of Tied Params  : 0
Number of Observations : 25
Seed for Random Nums.  : 1509728023

Ostrich Run Record
trial    best fitness   K1            K2            Kback          trials remaining
termination signal received by process 1
slave 1 handled 16 tasks
--------------------------------------------------------------------------
 OSTRICH version 17.11.03 (Built Nov  3 2017 @ 09:02:31)

 A computer program for model-independent calibration and optimization.

 Author             L. Shawn Matott
 Copyright (C) 2007 L. Shawn Matott

 This program is free software; you can redistribute 
 it and/or modify it under the terms of the GNU  
 General Public License as published by the Free 
 Software Foundation; either version 2 of the 
 License, or(at your option) any later version. 

 This program is distributed in the hope that it will 
 be useful, but WITHOUT ANY WARRANTY; without even 
 the implied warranty of MERCHANTABILITY or FITNESS 
 FOR A PARTICULAR PURPOSE. See the GNU General Public 
 License for more details. 

 You should have received a copy of the GNU General 
 Public License along with this program; if not, 
 write to the Free Software Foundation, Inc., 59 
 Temple Place, Suite 330, Boston, MA 02111-1307 USA 
--------------------------------------------------------------------------

Ostrich Setup
Model                  : Split.exe > OstExeOut.txt
Algorithm              : Parallel Dynamically Dimensioned Search Algorithm (PDDS)
Objective Function     : WSSE
Number of Parameters   : 3
Number of Tied Params  : 0
Number of Observations : 25
Seed for Random Nums.  : 1509728028

Ostrich Run Record
trial    best fitness   K1            K2            Kback          trials remaining
termination signal received by process 1
slave 1 handled 18 tasks
Ostrich Error Report for Processor 1 
A total of 2 errors and/or warnings were reported
FILE I/O ERROR             : Using default PDDS algorithm setup. 
FILE CLEANUP               : Ostrich deleted mod1/head.dat 
num CTORS: 39 
num DTORS: 39 
