        1 file(s) copied.
        1 file(s) copied.
--------------------------------------------------------------------------
 OSTRICH version 17.11.03 (Built Nov  3 2017 @ 09:02:31)

 A computer program for model-independent calibration and optimization.

 Author             L. Shawn Matott
 Copyright (C) 2007 L. Shawn Matott

 This program is free software; you can redistribute 
 it and/or modify it under the terms of the GNU  
 General Public License as published by the Free 
 Software Foundation; either version 2 of the 
 License, or(at your option) any later version. 

 This program is distributed in the hope that it will 
 be useful, but WITHOUT ANY WARRANTY; without even 
 the implied warranty of MERCHANTABILITY or FITNESS 
 FOR A PARTICULAR PURPOSE. See the GNU General Public 
 License for more details. 

 You should have received a copy of the GNU General 
 Public License along with this program; if not, 
 write to the Free Software Foundation, Inc., 59 
 Temple Place, Suite 330, Boston, MA 02111-1307 USA 
--------------------------------------------------------------------------

Ostrich Setup
Model                  : Split.exe > OstExeOut.txt
Algorithm              : Parallel Dynamically Dimensioned Search Algorithm (PDDS)
Objective Function     : WSSE
Number of Parameters   : 3
Number of Tied Params  : 0
Number of Observations : 25
Seed for Random Nums.  : 1509727911

Ostrich Run Record
trial    best fitness   K1            K2            Kback          trials remaining
termination signal received by process 4
slave 4 handled 22 tasks
--------------------------------------------------------------------------
 OSTRICH version 17.11.03 (Built Nov  3 2017 @ 09:02:31)

 A computer program for model-independent calibration and optimization.

 Author             L. Shawn Matott
 Copyright (C) 2007 L. Shawn Matott

 This program is free software; you can redistribute 
 it and/or modify it under the terms of the GNU  
 General Public License as published by the Free 
 Software Foundation; either version 2 of the 
 License, or(at your option) any later version. 

 This program is distributed in the hope that it will 
 be useful, but WITHOUT ANY WARRANTY; without even 
 the implied warranty of MERCHANTABILITY or FITNESS 
 FOR A PARTICULAR PURPOSE. See the GNU General Public 
 License for more details. 

 You should have received a copy of the GNU General 
 Public License along with this program; if not, 
 write to the Free Software Foundation, Inc., 59 
 Temple Place, Suite 330, Boston, MA 02111-1307 USA 
--------------------------------------------------------------------------

Ostrich Setup
Model                  : Split.exe > OstExeOut.txt
Algorithm              : Parallel Dynamically Dimensioned Search Algorithm (PDDS)
Objective Function     : WSSE
Number of Parameters   : 3
Number of Tied Params  : 0
Number of Observations : 25
Seed for Random Nums.  : 1509727916

Ostrich Run Record
trial    best fitness   K1            K2            Kback          trials remaining
termination signal received by process 4
slave 4 handled 24 tasks
--------------------------------------------------------------------------
 OSTRICH version 17.11.03 (Built Nov  3 2017 @ 09:02:31)

 A computer program for model-independent calibration and optimization.

 Author             L. Shawn Matott
 Copyright (C) 2007 L. Shawn Matott

 This program is free software; you can redistribute 
 it and/or modify it under the terms of the GNU  
 General Public License as published by the Free 
 Software Foundation; either version 2 of the 
 License, or(at your option) any later version. 

 This program is distributed in the hope that it will 
 be useful, but WITHOUT ANY WARRANTY; without even 
 the implied warranty of MERCHANTABILITY or FITNESS 
 FOR A PARTICULAR PURPOSE. See the GNU General Public 
 License for more details. 

 You should have received a copy of the GNU General 
 Public License along with this program; if not, 
 write to the Free Software Foundation, Inc., 59 
 Temple Place, Suite 330, Boston, MA 02111-1307 USA 
--------------------------------------------------------------------------

Ostrich Setup
Model                  : Split.exe > OstExeOut.txt
Algorithm              : Parallel Dynamically Dimensioned Search Algorithm (PDDS)
Objective Function     : WSSE
Number of Parameters   : 3
Number of Tied Params  : 0
Number of Observations : 25
Seed for Random Nums.  : 1509727921

Ostrich Run Record
trial    best fitness   K1            K2            Kback          trials remaining
termination signal received by process 4
slave 4 handled 23 tasks
--------------------------------------------------------------------------
 OSTRICH version 17.11.03 (Built Nov  3 2017 @ 09:02:31)

 A computer program for model-independent calibration and optimization.

 Author             L. Shawn Matott
 Copyright (C) 2007 L. Shawn Matott

 This program is free software; you can redistribute 
 it and/or modify it under the terms of the GNU  
 General Public License as published by the Free 
 Software Foundation; either version 2 of the 
 License, or(at your option) any later version. 

 This program is distributed in the hope that it will 
 be useful, but WITHOUT ANY WARRANTY; without even 
 the implied warranty of MERCHANTABILITY or FITNESS 
 FOR A PARTICULAR PURPOSE. See the GNU General Public 
 License for more details. 

 You should have received a copy of the GNU General 
 Public License along with this program; if not, 
 write to the Free Software Foundation, Inc., 59 
 Temple Place, Suite 330, Boston, MA 02111-1307 USA 
--------------------------------------------------------------------------

Ostrich Setup
Model                  : Split.exe > OstExeOut.txt
Algorithm              : Parallel Dynamically Dimensioned Search Algorithm (PDDS)
Objective Function     : WSSE
Number of Parameters   : 3
Number of Tied Params  : 0
Number of Observations : 25
Seed for Random Nums.  : 1509727926

Ostrich Run Record
trial    best fitness   K1            K2            Kback          trials remaining
termination signal received by process 4
slave 4 handled 21 tasks
--------------------------------------------------------------------------
 OSTRICH version 17.11.03 (Built Nov  3 2017 @ 09:02:31)

 A computer program for model-independent calibration and optimization.

 Author             L. Shawn Matott
 Copyright (C) 2007 L. Shawn Matott

 This program is free software; you can redistribute 
 it and/or modify it under the terms of the GNU  
 General Public License as published by the Free 
 Software Foundation; either version 2 of the 
 License, or(at your option) any later version. 

 This program is distributed in the hope that it will 
 be useful, but WITHOUT ANY WARRANTY; without even 
 the implied warranty of MERCHANTABILITY or FITNESS 
 FOR A PARTICULAR PURPOSE. See the GNU General Public 
 License for more details. 

 You should have received a copy of the GNU General 
 Public License along with this program; if not, 
 write to the Free Software Foundation, Inc., 59 
 Temple Place, Suite 330, Boston, MA 02111-1307 USA 
--------------------------------------------------------------------------

Ostrich Setup
Model                  : Split.exe > OstExeOut.txt
Algorithm              : Parallel Dynamically Dimensioned Search Algorithm (PDDS)
Objective Function     : WSSE
Number of Parameters   : 3
Number of Tied Params  : 0
Number of Observations : 25
Seed for Random Nums.  : 1509727931

Ostrich Run Record
trial    best fitness   K1            K2            Kback          trials remaining
termination signal received by process 4
slave 4 handled 16 tasks
--------------------------------------------------------------------------
 OSTRICH version 17.11.03 (Built Nov  3 2017 @ 09:02:31)

 A computer program for model-independent calibration and optimization.

 Author             L. Shawn Matott
 Copyright (C) 2007 L. Shawn Matott

 This program is free software; you can redistribute 
 it and/or modify it under the terms of the GNU  
 General Public License as published by the Free 
 Software Foundation; either version 2 of the 
 License, or(at your option) any later version. 

 This program is distributed in the hope that it will 
 be useful, but WITHOUT ANY WARRANTY; without even 
 the implied warranty of MERCHANTABILITY or FITNESS 
 FOR A PARTICULAR PURPOSE. See the GNU General Public 
 License for more details. 

 You should have received a copy of the GNU General 
 Public License along with this program; if not, 
 write to the Free Software Foundation, Inc., 59 
 Temple Place, Suite 330, Boston, MA 02111-1307 USA 
--------------------------------------------------------------------------

Ostrich Setup
Model                  : Split.exe > OstExeOut.txt
Algorithm              : Parallel Dynamically Dimensioned Search Algorithm (PDDS)
Objective Function     : WSSE
Number of Parameters   : 3
Number of Tied Params  : 0
Number of Observations : 25
Seed for Random Nums.  : 1509727936

Ostrich Run Record
trial    best fitness   K1            K2            Kback          trials remaining
termination signal received by process 4
slave 4 handled 15 tasks
--------------------------------------------------------------------------
 OSTRICH version 17.11.03 (Built Nov  3 2017 @ 09:02:31)

 A computer program for model-independent calibration and optimization.

 Author             L. Shawn Matott
 Copyright (C) 2007 L. Shawn Matott

 This program is free software; you can redistribute 
 it and/or modify it under the terms of the GNU  
 General Public License as published by the Free 
 Software Foundation; either version 2 of the 
 License, or(at your option) any later version. 

 This program is distributed in the hope that it will 
 be useful, but WITHOUT ANY WARRANTY; without even 
 the implied warranty of MERCHANTABILITY or FITNESS 
 FOR A PARTICULAR PURPOSE. See the GNU General Public 
 License for more details. 

 You should have received a copy of the GNU General 
 Public License along with this program; if not, 
 write to the Free Software Foundation, Inc., 59 
 Temple Place, Suite 330, Boston, MA 02111-1307 USA 
--------------------------------------------------------------------------

Ostrich Setup
Model                  : Split.exe > OstExeOut.txt
Algorithm              : Parallel Dynamically Dimensioned Search Algorithm (PDDS)
Objective Function     : WSSE
Number of Parameters   : 3
Number of Tied Params  : 0
Number of Observations : 25
Seed for Random Nums.  : 1509727941

Ostrich Run Record
trial    best fitness   K1            K2            Kback          trials remaining
termination signal received by process 4
slave 4 handled 13 tasks
--------------------------------------------------------------------------
 OSTRICH version 17.11.03 (Built Nov  3 2017 @ 09:02:31)

 A computer program for model-independent calibration and optimization.

 Author             L. Shawn Matott
 Copyright (C) 2007 L. Shawn Matott

 This program is free software; you can redistribute 
 it and/or modify it under the terms of the GNU  
 General Public License as published by the Free 
 Software Foundation; either version 2 of the 
 License, or(at your option) any later version. 

 This program is distributed in the hope that it will 
 be useful, but WITHOUT ANY WARRANTY; without even 
 the implied warranty of MERCHANTABILITY or FITNESS 
 FOR A PARTICULAR PURPOSE. See the GNU General Public 
 License for more details. 

 You should have received a copy of the GNU General 
 Public License along with this program; if not, 
 write to the Free Software Foundation, Inc., 59 
 Temple Place, Suite 330, Boston, MA 02111-1307 USA 
--------------------------------------------------------------------------

Ostrich Setup
Model                  : Split.exe > OstExeOut.txt
Algorithm              : Parallel Dynamically Dimensioned Search Algorithm (PDDS)
Objective Function     : WSSE
Number of Parameters   : 3
Number of Tied Params  : 0
Number of Observations : 25
Seed for Random Nums.  : 1509727946

Ostrich Run Record
trial    best fitness   K1            K2            Kback          trials remaining
termination signal received by process 4
slave 4 handled 22 tasks
--------------------------------------------------------------------------
 OSTRICH version 17.11.03 (Built Nov  3 2017 @ 09:02:31)

 A computer program for model-independent calibration and optimization.

 Author             L. Shawn Matott
 Copyright (C) 2007 L. Shawn Matott

 This program is free software; you can redistribute 
 it and/or modify it under the terms of the GNU  
 General Public License as published by the Free 
 Software Foundation; either version 2 of the 
 License, or(at your option) any later version. 

 This program is distributed in the hope that it will 
 be useful, but WITHOUT ANY WARRANTY; without even 
 the implied warranty of MERCHANTABILITY or FITNESS 
 FOR A PARTICULAR PURPOSE. See the GNU General Public 
 License for more details. 

 You should have received a copy of the GNU General 
 Public License along with this program; if not, 
 write to the Free Software Foundation, Inc., 59 
 Temple Place, Suite 330, Boston, MA 02111-1307 USA 
--------------------------------------------------------------------------

Ostrich Setup
Model                  : Split.exe > OstExeOut.txt
Algorithm              : Parallel Dynamically Dimensioned Search Algorithm (PDDS)
Objective Function     : WSSE
Number of Parameters   : 3
Number of Tied Params  : 0
Number of Observations : 25
Seed for Random Nums.  : 1509727951

Ostrich Run Record
trial    best fitness   K1            K2            Kback          trials remaining
termination signal received by process 4
slave 4 handled 23 tasks
--------------------------------------------------------------------------
 OSTRICH version 17.11.03 (Built Nov  3 2017 @ 09:02:31)

 A computer program for model-independent calibration and optimization.

 Author             L. Shawn Matott
 Copyright (C) 2007 L. Shawn Matott

 This program is free software; you can redistribute 
 it and/or modify it under the terms of the GNU  
 General Public License as published by the Free 
 Software Foundation; either version 2 of the 
 License, or(at your option) any later version. 

 This program is distributed in the hope that it will 
 be useful, but WITHOUT ANY WARRANTY; without even 
 the implied warranty of MERCHANTABILITY or FITNESS 
 FOR A PARTICULAR PURPOSE. See the GNU General Public 
 License for more details. 

 You should have received a copy of the GNU General 
 Public License along with this program; if not, 
 write to the Free Software Foundation, Inc., 59 
 Temple Place, Suite 330, Boston, MA 02111-1307 USA 
--------------------------------------------------------------------------

Ostrich Setup
Model                  : Split.exe > OstExeOut.txt
Algorithm              : Parallel Dynamically Dimensioned Search Algorithm (PDDS)
Objective Function     : WSSE
Number of Parameters   : 3
Number of Tied Params  : 0
Number of Observations : 25
Seed for Random Nums.  : 1509727956

Ostrich Run Record
trial    best fitness   K1            K2            Kback          trials remaining
termination signal received by process 4
slave 4 handled 18 tasks
--------------------------------------------------------------------------
 OSTRICH version 17.11.03 (Built Nov  3 2017 @ 09:02:31)

 A computer program for model-independent calibration and optimization.

 Author             L. Shawn Matott
 Copyright (C) 2007 L. Shawn Matott

 This program is free software; you can redistribute 
 it and/or modify it under the terms of the GNU  
 General Public License as published by the Free 
 Software Foundation; either version 2 of the 
 License, or(at your option) any later version. 

 This program is distributed in the hope that it will 
 be useful, but WITHOUT ANY WARRANTY; without even 
 the implied warranty of MERCHANTABILITY or FITNESS 
 FOR A PARTICULAR PURPOSE. See the GNU General Public 
 License for more details. 

 You should have received a copy of the GNU General 
 Public License along with this program; if not, 
 write to the Free Software Foundation, Inc., 59 
 Temple Place, Suite 330, Boston, MA 02111-1307 USA 
--------------------------------------------------------------------------

Ostrich Setup
Model                  : Split.exe > OstExeOut.txt
Algorithm              : Parallel Dynamically Dimensioned Search Algorithm (PDDS)
Objective Function     : WSSE
Number of Parameters   : 3
Number of Tied Params  : 0
Number of Observations : 25
Seed for Random Nums.  : 1509727961

Ostrich Run Record
trial    best fitness   K1            K2            Kback          trials remaining
termination signal received by process 4
slave 4 handled 13 tasks
--------------------------------------------------------------------------
 OSTRICH version 17.11.03 (Built Nov  3 2017 @ 09:02:31)

 A computer program for model-independent calibration and optimization.

 Author             L. Shawn Matott
 Copyright (C) 2007 L. Shawn Matott

 This program is free software; you can redistribute 
 it and/or modify it under the terms of the GNU  
 General Public License as published by the Free 
 Software Foundation; either version 2 of the 
 License, or(at your option) any later version. 

 This program is distributed in the hope that it will 
 be useful, but WITHOUT ANY WARRANTY; without even 
 the implied warranty of MERCHANTABILITY or FITNESS 
 FOR A PARTICULAR PURPOSE. See the GNU General Public 
 License for more details. 

 You should have received a copy of the GNU General 
 Public License along with this program; if not, 
 write to the Free Software Foundation, Inc., 59 
 Temple Place, Suite 330, Boston, MA 02111-1307 USA 
--------------------------------------------------------------------------

Ostrich Setup
Model                  : Split.exe > OstExeOut.txt
Algorithm              : Parallel Dynamically Dimensioned Search Algorithm (PDDS)
Objective Function     : WSSE
Number of Parameters   : 3
Number of Tied Params  : 0
Number of Observations : 25
Seed for Random Nums.  : 1509727966

Ostrich Run Record
trial    best fitness   K1            K2            Kback          trials remaining
termination signal received by process 4
slave 4 handled 12 tasks
--------------------------------------------------------------------------
 OSTRICH version 17.11.03 (Built Nov  3 2017 @ 09:02:31)

 A computer program for model-independent calibration and optimization.

 Author             L. Shawn Matott
 Copyright (C) 2007 L. Shawn Matott

 This program is free software; you can redistribute 
 it and/or modify it under the terms of the GNU  
 General Public License as published by the Free 
 Software Foundation; either version 2 of the 
 License, or(at your option) any later version. 

 This program is distributed in the hope that it will 
 be useful, but WITHOUT ANY WARRANTY; without even 
 the implied warranty of MERCHANTABILITY or FITNESS 
 FOR A PARTICULAR PURPOSE. See the GNU General Public 
 License for more details. 

 You should have received a copy of the GNU General 
 Public License along with this program; if not, 
 write to the Free Software Foundation, Inc., 59 
 Temple Place, Suite 330, Boston, MA 02111-1307 USA 
--------------------------------------------------------------------------

Ostrich Setup
Model                  : Split.exe > OstExeOut.txt
Algorithm              : Parallel Dynamically Dimensioned Search Algorithm (PDDS)
Objective Function     : WSSE
Number of Parameters   : 3
Number of Tied Params  : 0
Number of Observations : 25
Seed for Random Nums.  : 1509727971

Ostrich Run Record
trial    best fitness   K1            K2            Kback          trials remaining
termination signal received by process 4
slave 4 handled 14 tasks
--------------------------------------------------------------------------
 OSTRICH version 17.11.03 (Built Nov  3 2017 @ 09:02:31)

 A computer program for model-independent calibration and optimization.

 Author             L. Shawn Matott
 Copyright (C) 2007 L. Shawn Matott

 This program is free software; you can redistribute 
 it and/or modify it under the terms of the GNU  
 General Public License as published by the Free 
 Software Foundation; either version 2 of the 
 License, or(at your option) any later version. 

 This program is distributed in the hope that it will 
 be useful, but WITHOUT ANY WARRANTY; without even 
 the implied warranty of MERCHANTABILITY or FITNESS 
 FOR A PARTICULAR PURPOSE. See the GNU General Public 
 License for more details. 

 You should have received a copy of the GNU General 
 Public License along with this program; if not, 
 write to the Free Software Foundation, Inc., 59 
 Temple Place, Suite 330, Boston, MA 02111-1307 USA 
--------------------------------------------------------------------------

Ostrich Setup
Model                  : Split.exe > OstExeOut.txt
Algorithm              : Parallel Dynamically Dimensioned Search Algorithm (PDDS)
Objective Function     : WSSE
Number of Parameters   : 3
Number of Tied Params  : 0
Number of Observations : 25
Seed for Random Nums.  : 1509727976

Ostrich Run Record
trial    best fitness   K1            K2            Kback          trials remaining
termination signal received by process 4
slave 4 handled 20 tasks
--------------------------------------------------------------------------
 OSTRICH version 17.11.03 (Built Nov  3 2017 @ 09:02:31)

 A computer program for model-independent calibration and optimization.

 Author             L. Shawn Matott
 Copyright (C) 2007 L. Shawn Matott

 This program is free software; you can redistribute 
 it and/or modify it under the terms of the GNU  
 General Public License as published by the Free 
 Software Foundation; either version 2 of the 
 License, or(at your option) any later version. 

 This program is distributed in the hope that it will 
 be useful, but WITHOUT ANY WARRANTY; without even 
 the implied warranty of MERCHANTABILITY or FITNESS 
 FOR A PARTICULAR PURPOSE. See the GNU General Public 
 License for more details. 

 You should have received a copy of the GNU General 
 Public License along with this program; if not, 
 write to the Free Software Foundation, Inc., 59 
 Temple Place, Suite 330, Boston, MA 02111-1307 USA 
--------------------------------------------------------------------------

Ostrich Setup
Model                  : Split.exe > OstExeOut.txt
Algorithm              : Parallel Dynamically Dimensioned Search Algorithm (PDDS)
Objective Function     : WSSE
Number of Parameters   : 3
Number of Tied Params  : 0
Number of Observations : 25
Seed for Random Nums.  : 1509727981

Ostrich Run Record
trial    best fitness   K1            K2            Kback          trials remaining
termination signal received by process 4
slave 4 handled 19 tasks
--------------------------------------------------------------------------
 OSTRICH version 17.11.03 (Built Nov  3 2017 @ 09:02:31)

 A computer program for model-independent calibration and optimization.

 Author             L. Shawn Matott
 Copyright (C) 2007 L. Shawn Matott

 This program is free software; you can redistribute 
 it and/or modify it under the terms of the GNU  
 General Public License as published by the Free 
 Software Foundation; either version 2 of the 
 License, or(at your option) any later version. 

 This program is distributed in the hope that it will 
 be useful, but WITHOUT ANY WARRANTY; without even 
 the implied warranty of MERCHANTABILITY or FITNESS 
 FOR A PARTICULAR PURPOSE. See the GNU General Public 
 License for more details. 

 You should have received a copy of the GNU General 
 Public License along with this program; if not, 
 write to the Free Software Foundation, Inc., 59 
 Temple Place, Suite 330, Boston, MA 02111-1307 USA 
--------------------------------------------------------------------------

Ostrich Setup
Model                  : Split.exe > OstExeOut.txt
Algorithm              : Parallel Dynamically Dimensioned Search Algorithm (PDDS)
Objective Function     : WSSE
Number of Parameters   : 3
Number of Tied Params  : 0
Number of Observations : 25
Seed for Random Nums.  : 1509727986

Ostrich Run Record
trial    best fitness   K1            K2            Kback          trials remaining
termination signal received by process 4
slave 4 handled 14 tasks
--------------------------------------------------------------------------
 OSTRICH version 17.11.03 (Built Nov  3 2017 @ 09:02:31)

 A computer program for model-independent calibration and optimization.

 Author             L. Shawn Matott
 Copyright (C) 2007 L. Shawn Matott

 This program is free software; you can redistribute 
 it and/or modify it under the terms of the GNU  
 General Public License as published by the Free 
 Software Foundation; either version 2 of the 
 License, or(at your option) any later version. 

 This program is distributed in the hope that it will 
 be useful, but WITHOUT ANY WARRANTY; without even 
 the implied warranty of MERCHANTABILITY or FITNESS 
 FOR A PARTICULAR PURPOSE. See the GNU General Public 
 License for more details. 

 You should have received a copy of the GNU General 
 Public License along with this program; if not, 
 write to the Free Software Foundation, Inc., 59 
 Temple Place, Suite 330, Boston, MA 02111-1307 USA 
--------------------------------------------------------------------------

Ostrich Setup
Model                  : Split.exe > OstExeOut.txt
Algorithm              : Parallel Dynamically Dimensioned Search Algorithm (PDDS)
Objective Function     : WSSE
Number of Parameters   : 3
Number of Tied Params  : 0
Number of Observations : 25
Seed for Random Nums.  : 1509727991

Ostrich Run Record
trial    best fitness   K1            K2            Kback          trials remaining
termination signal received by process 4
slave 4 handled 23 tasks
--------------------------------------------------------------------------
 OSTRICH version 17.11.03 (Built Nov  3 2017 @ 09:02:31)

 A computer program for model-independent calibration and optimization.

 Author             L. Shawn Matott
 Copyright (C) 2007 L. Shawn Matott

 This program is free software; you can redistribute 
 it and/or modify it under the terms of the GNU  
 General Public License as published by the Free 
 Software Foundation; either version 2 of the 
 License, or(at your option) any later version. 

 This program is distributed in the hope that it will 
 be useful, but WITHOUT ANY WARRANTY; without even 
 the implied warranty of MERCHANTABILITY or FITNESS 
 FOR A PARTICULAR PURPOSE. See the GNU General Public 
 License for more details. 

 You should have received a copy of the GNU General 
 Public License along with this program; if not, 
 write to the Free Software Foundation, Inc., 59 
 Temple Place, Suite 330, Boston, MA 02111-1307 USA 
--------------------------------------------------------------------------

Ostrich Setup
Model                  : Split.exe > OstExeOut.txt
Algorithm              : Parallel Dynamically Dimensioned Search Algorithm (PDDS)
Objective Function     : WSSE
Number of Parameters   : 3
Number of Tied Params  : 0
Number of Observations : 25
Seed for Random Nums.  : 1509727996

Ostrich Run Record
trial    best fitness   K1            K2            Kback          trials remaining
termination signal received by process 4
slave 4 handled 13 tasks
--------------------------------------------------------------------------
 OSTRICH version 17.11.03 (Built Nov  3 2017 @ 09:02:31)

 A computer program for model-independent calibration and optimization.

 Author             L. Shawn Matott
 Copyright (C) 2007 L. Shawn Matott

 This program is free software; you can redistribute 
 it and/or modify it under the terms of the GNU  
 General Public License as published by the Free 
 Software Foundation; either version 2 of the 
 License, or(at your option) any later version. 

 This program is distributed in the hope that it will 
 be useful, but WITHOUT ANY WARRANTY; without even 
 the implied warranty of MERCHANTABILITY or FITNESS 
 FOR A PARTICULAR PURPOSE. See the GNU General Public 
 License for more details. 

 You should have received a copy of the GNU General 
 Public License along with this program; if not, 
 write to the Free Software Foundation, Inc., 59 
 Temple Place, Suite 330, Boston, MA 02111-1307 USA 
--------------------------------------------------------------------------

Ostrich Setup
Model                  : Split.exe > OstExeOut.txt
Algorithm              : Parallel Dynamically Dimensioned Search Algorithm (PDDS)
Objective Function     : WSSE
Number of Parameters   : 3
Number of Tied Params  : 0
Number of Observations : 25
Seed for Random Nums.  : 1509728001

Ostrich Run Record
trial    best fitness   K1            K2            Kback          trials remaining
termination signal received by process 4
slave 4 handled 13 tasks
--------------------------------------------------------------------------
 OSTRICH version 17.11.03 (Built Nov  3 2017 @ 09:02:31)

 A computer program for model-independent calibration and optimization.

 Author             L. Shawn Matott
 Copyright (C) 2007 L. Shawn Matott

 This program is free software; you can redistribute 
 it and/or modify it under the terms of the GNU  
 General Public License as published by the Free 
 Software Foundation; either version 2 of the 
 License, or(at your option) any later version. 

 This program is distributed in the hope that it will 
 be useful, but WITHOUT ANY WARRANTY; without even 
 the implied warranty of MERCHANTABILITY or FITNESS 
 FOR A PARTICULAR PURPOSE. See the GNU General Public 
 License for more details. 

 You should have received a copy of the GNU General 
 Public License along with this program; if not, 
 write to the Free Software Foundation, Inc., 59 
 Temple Place, Suite 330, Boston, MA 02111-1307 USA 
--------------------------------------------------------------------------

Ostrich Setup
Model                  : Split.exe > OstExeOut.txt
Algorithm              : Parallel Dynamically Dimensioned Search Algorithm (PDDS)
Objective Function     : WSSE
Number of Parameters   : 3
Number of Tied Params  : 0
Number of Observations : 25
Seed for Random Nums.  : 1509728006

Ostrich Run Record
trial    best fitness   K1            K2            Kback          trials remaining
termination signal received by process 4
slave 4 handled 20 tasks
--------------------------------------------------------------------------
 OSTRICH version 17.11.03 (Built Nov  3 2017 @ 09:02:31)

 A computer program for model-independent calibration and optimization.

 Author             L. Shawn Matott
 Copyright (C) 2007 L. Shawn Matott

 This program is free software; you can redistribute 
 it and/or modify it under the terms of the GNU  
 General Public License as published by the Free 
 Software Foundation; either version 2 of the 
 License, or(at your option) any later version. 

 This program is distributed in the hope that it will 
 be useful, but WITHOUT ANY WARRANTY; without even 
 the implied warranty of MERCHANTABILITY or FITNESS 
 FOR A PARTICULAR PURPOSE. See the GNU General Public 
 License for more details. 

 You should have received a copy of the GNU General 
 Public License along with this program; if not, 
 write to the Free Software Foundation, Inc., 59 
 Temple Place, Suite 330, Boston, MA 02111-1307 USA 
--------------------------------------------------------------------------

Ostrich Setup
Model                  : Split.exe > OstExeOut.txt
Algorithm              : Parallel Dynamically Dimensioned Search Algorithm (PDDS)
Objective Function     : WSSE
Number of Parameters   : 3
Number of Tied Params  : 0
Number of Observations : 25
Seed for Random Nums.  : 1509728011

Ostrich Run Record
trial    best fitness   K1            K2            Kback          trials remaining
termination signal received by process 4
slave 4 handled 14 tasks
--------------------------------------------------------------------------
 OSTRICH version 17.11.03 (Built Nov  3 2017 @ 09:02:31)

 A computer program for model-independent calibration and optimization.

 Author             L. Shawn Matott
 Copyright (C) 2007 L. Shawn Matott

 This program is free software; you can redistribute 
 it and/or modify it under the terms of the GNU  
 General Public License as published by the Free 
 Software Foundation; either version 2 of the 
 License, or(at your option) any later version. 

 This program is distributed in the hope that it will 
 be useful, but WITHOUT ANY WARRANTY; without even 
 the implied warranty of MERCHANTABILITY or FITNESS 
 FOR A PARTICULAR PURPOSE. See the GNU General Public 
 License for more details. 

 You should have received a copy of the GNU General 
 Public License along with this program; if not, 
 write to the Free Software Foundation, Inc., 59 
 Temple Place, Suite 330, Boston, MA 02111-1307 USA 
--------------------------------------------------------------------------

Ostrich Setup
Model                  : Split.exe > OstExeOut.txt
Algorithm              : Parallel Dynamically Dimensioned Search Algorithm (PDDS)
Objective Function     : WSSE
Number of Parameters   : 3
Number of Tied Params  : 0
Number of Observations : 25
Seed for Random Nums.  : 1509728016

Ostrich Run Record
trial    best fitness   K1            K2            Kback          trials remaining
termination signal received by process 4
slave 4 handled 16 tasks
--------------------------------------------------------------------------
 OSTRICH version 17.11.03 (Built Nov  3 2017 @ 09:02:31)

 A computer program for model-independent calibration and optimization.

 Author             L. Shawn Matott
 Copyright (C) 2007 L. Shawn Matott

 This program is free software; you can redistribute 
 it and/or modify it under the terms of the GNU  
 General Public License as published by the Free 
 Software Foundation; either version 2 of the 
 License, or(at your option) any later version. 

 This program is distributed in the hope that it will 
 be useful, but WITHOUT ANY WARRANTY; without even 
 the implied warranty of MERCHANTABILITY or FITNESS 
 FOR A PARTICULAR PURPOSE. See the GNU General Public 
 License for more details. 

 You should have received a copy of the GNU General 
 Public License along with this program; if not, 
 write to the Free Software Foundation, Inc., 59 
 Temple Place, Suite 330, Boston, MA 02111-1307 USA 
--------------------------------------------------------------------------

Ostrich Setup
Model                  : Split.exe > OstExeOut.txt
Algorithm              : Parallel Dynamically Dimensioned Search Algorithm (PDDS)
Objective Function     : WSSE
Number of Parameters   : 3
Number of Tied Params  : 0
Number of Observations : 25
Seed for Random Nums.  : 1509728021

Ostrich Run Record
trial    best fitness   K1            K2            Kback          trials remaining
termination signal received by process 4
slave 4 handled 14 tasks
--------------------------------------------------------------------------
 OSTRICH version 17.11.03 (Built Nov  3 2017 @ 09:02:31)

 A computer program for model-independent calibration and optimization.

 Author             L. Shawn Matott
 Copyright (C) 2007 L. Shawn Matott

 This program is free software; you can redistribute 
 it and/or modify it under the terms of the GNU  
 General Public License as published by the Free 
 Software Foundation; either version 2 of the 
 License, or(at your option) any later version. 

 This program is distributed in the hope that it will 
 be useful, but WITHOUT ANY WARRANTY; without even 
 the implied warranty of MERCHANTABILITY or FITNESS 
 FOR A PARTICULAR PURPOSE. See the GNU General Public 
 License for more details. 

 You should have received a copy of the GNU General 
 Public License along with this program; if not, 
 write to the Free Software Foundation, Inc., 59 
 Temple Place, Suite 330, Boston, MA 02111-1307 USA 
--------------------------------------------------------------------------

Ostrich Setup
Model                  : Split.exe > OstExeOut.txt
Algorithm              : Parallel Dynamically Dimensioned Search Algorithm (PDDS)
Objective Function     : WSSE
Number of Parameters   : 3
Number of Tied Params  : 0
Number of Observations : 25
Seed for Random Nums.  : 1509728026

Ostrich Run Record
trial    best fitness   K1            K2            Kback          trials remaining
termination signal received by process 4
slave 4 handled 16 tasks
--------------------------------------------------------------------------
 OSTRICH version 17.11.03 (Built Nov  3 2017 @ 09:02:31)

 A computer program for model-independent calibration and optimization.

 Author             L. Shawn Matott
 Copyright (C) 2007 L. Shawn Matott

 This program is free software; you can redistribute 
 it and/or modify it under the terms of the GNU  
 General Public License as published by the Free 
 Software Foundation; either version 2 of the 
 License, or(at your option) any later version. 

 This program is distributed in the hope that it will 
 be useful, but WITHOUT ANY WARRANTY; without even 
 the implied warranty of MERCHANTABILITY or FITNESS 
 FOR A PARTICULAR PURPOSE. See the GNU General Public 
 License for more details. 

 You should have received a copy of the GNU General 
 Public License along with this program; if not, 
 write to the Free Software Foundation, Inc., 59 
 Temple Place, Suite 330, Boston, MA 02111-1307 USA 
--------------------------------------------------------------------------

Ostrich Setup
Model                  : Split.exe > OstExeOut.txt
Algorithm              : Parallel Dynamically Dimensioned Search Algorithm (PDDS)
Objective Function     : WSSE
Number of Parameters   : 3
Number of Tied Params  : 0
Number of Observations : 25
Seed for Random Nums.  : 1509728031

Ostrich Run Record
trial    best fitness   K1            K2            Kback          trials remaining
termination signal received by process 4
slave 4 handled 17 tasks
Ostrich Error Report for Processor 4 
A total of 2 errors and/or warnings were reported
FILE I/O ERROR             : Using default PDDS algorithm setup. 
FILE CLEANUP               : Ostrich deleted mod4/head.dat 
num CTORS: 39 
num DTORS: 39 
