 solve
     1      0.232E+04      0.130E-02      0.000E+00
     2      0.190E-05      0.127E-02      0.000E+00
     3      0.714E-07      0.129E-02      0.000E+00
     4      0.209E-08      0.129E-02      0.000E+00
     5      0.714E-10      0.128E-02      0.000E+00
     6      0.246E-11      0.127E-02      0.000E+00
     7      0.846E-13      0.127E-02      0.000E+00
     8      0.291E-14      0.131E-02      0.000E+00
     9      0.990E-16      0.132E-02      0.000E+00
    10      0.253E-17      0.130E-02      0.000E+00
 done
 finished
