        1 file(s) copied.
        1 file(s) copied.
        1 file(s) copied.
        1 file(s) copied.
Warm Start has been activated
Ostrich will resume a pervious search.
Ostrich Error Report for Processor 2 
A total of 3 errors and/or warnings were reported
FILE CLEANUP               : Ostrich deleted mod2/Nighthawk.bat 
FILE CLEANUP               : Ostrich deleted mod2/Nighthawk.exe 
FILE CLEANUP               : Ostrich deleted mod2/nZones.exe 
num CTORS: 184 
num DTORS: 184 
